// Jest Snapshot v1, https://goo.gl/fbAQLP

exports[`actions/receive-profile _fetchProfile fails if a bad profile JSON is passed in 1`] = `[Error: The profile’s JSON could not be decoded. The full error information has been printed out to the DevTool’s console.]`;

exports[`actions/receive-profile _fetchProfile fails if a bad profile JSON is passed in 2`] = `
Array [
  Array [
    "The profile’s JSON could not be decoded.",
  ],
  Array [
    "JSON parsing error:",
    [SyntaxError: Unexpected token 'i', "invalid" is not valid JSON],
  ],
  Array [
    "Fetch response:",
    Response {
      "_fmResults": Object {
        "arrayBuffer": Promise {},
      },
      "size": 0,
      "timeout": 0,
      Symbol(Body internals): Object {
        "body": Object {
          "data": Array [
            105,
            110,
            118,
            97,
            108,
            105,
            100,
          ],
          "type": "Buffer",
        },
        "disturbed": true,
        "error": null,
      },
      Symbol(Response internals): Object {
        "counter": undefined,
        "headers": Headers {
          Symbol(map): Object {
            "content-type": Array [
              "application/json",
            ],
          },
        },
        "status": 200,
        "statusText": "OK",
        "url": "https://example.com/profile.json",
      },
    },
  ],
]
`;

exports[`actions/receive-profile _fetchProfile fails if a bad profile JSON is passed in, with no content type 1`] = `[Error: The profile’s JSON could not be decoded. The full error information has been printed out to the DevTool’s console.]`;

exports[`actions/receive-profile _fetchProfile fails if a bad profile JSON is passed in, with no content type 2`] = `
Array [
  Array [
    "The profile’s JSON could not be decoded.",
  ],
  Array [
    "JSON parsing error:",
    [SyntaxError: Unexpected token 'i', "invalid" is not valid JSON],
  ],
  Array [
    "Fetch response:",
    Response {
      "_fmResults": Object {
        "arrayBuffer": Promise {},
      },
      "size": 0,
      "timeout": 0,
      Symbol(Body internals): Object {
        "body": Object {
          "data": Array [
            105,
            110,
            118,
            97,
            108,
            105,
            100,
          ],
          "type": "Buffer",
        },
        "disturbed": true,
        "error": null,
      },
      Symbol(Response internals): Object {
        "counter": undefined,
        "headers": Headers {
          Symbol(map): Object {
            "content-type": Array [
              "undefined",
            ],
          },
        },
        "status": 200,
        "statusText": "OK",
        "url": "https://example.com/profile.json",
      },
    },
  ],
]
`;

exports[`actions/receive-profile _fetchProfile fails if a bad zip file is passed in 1`] = `[Error: Unable to open the archive file. The full error information has been printed out to the DevTool’s console.]`;

exports[`actions/receive-profile _fetchProfile fails if a bad zip file is passed in 2`] = `
Array [
  Array [
    "Unable to open the archive file.",
  ],
  Array [
    "Error:",
    [Error: Can't find end of central directory : is this a zip file ? If it is, see https://stuk.github.io/jszip/documentation/howto/read_zip.html],
  ],
  Array [
    "Fetch response:",
    Response {
      "_fmResults": Object {
        "arrayBuffer": Promise {},
      },
      "size": 0,
      "timeout": 0,
      Symbol(Body internals): Object {
        "body": Object {
          "data": Array [
            0,
            1,
            2,
            3,
          ],
          "type": "Buffer",
        },
        "disturbed": true,
        "error": null,
      },
      Symbol(Response internals): Object {
        "counter": undefined,
        "headers": Headers {
          Symbol(map): Object {
            "content-type": Array [
              "application/zip",
            ],
          },
        },
        "status": 200,
        "statusText": "OK",
        "url": "https://example.com/profile.file",
      },
    },
  ],
]
`;

exports[`actions/receive-profile retrieveProfileFromFile will be an error to view a profile with no threads 1`] = `"No threads were captured in this profile, there is nothing to display."`;

exports[`actions/receive-profile retrieveProfileFromFile will give an error when unable to decompress a zipped profile 1`] = `[Error: Can't find end of central directory : is this a zip file ? If it is, see https://stuk.github.io/jszip/documentation/howto/read_zip.html]`;

exports[`actions/receive-profile retrieveProfileFromFile will give an error when unable to parse gzipped profiles 1`] = `[Error: Unserializing the profile failed: Error: This does not appear to be a valid Gecko Profile, there is no meta field.]`;

exports[`actions/receive-profile retrieveProfileFromFile will give an error when unable to parse json 1`] = `[Error: Unserializing the profile failed: Error: This does not appear to be a valid Gecko Profile, there is no meta field.]`;
