// Jest Snapshot v1, https://jestjs.io/docs/snapshot-testing

exports[`app/CompareHome matches the snapshot 1`] = `
<main
  class="compareHome"
>
  <header>
    <h1
      class="appHeader"
    >
      <span
        class="appHeaderSlogan"
      >
        <a
          class="appHeaderLink"
          href="/"
        >
          ⁨Firefox Profiler⁩
        </a>
         — 
        <span
          class="appHeaderSubtext"
        >
          Web app for ⁨Firefox⁩ performance analysis
        </span>
      </span>
      <a
        class="appHeaderGithubIcon"
        href="https://github.com/firefox-devtools/profiler"
        rel="noopener noreferrer"
        target="_blank"
        title="Go to our Git repository (this opens in a new window)"
      >
        <svg
          aria-label="github"
          class="octicon octicon-mark-github"
          height="22"
          version="1.1"
          viewBox="0 0 16 16"
          width="22"
        >
          <path
            d="M8 0C3.58 0 0 3.58 0 8c0 3.54 2.29 6.53 5.47 7.59.4.07.55-.17.55-.38 0-.19-.01-.82-.01-1.49-2.01.37-2.53-.49-2.69-.94-.09-.23-.48-.94-.82-1.13-.28-.15-.68-.52-.01-.53.63-.01 1.08.58 1.23.82.72 1.21 1.87.87 2.33.66.07-.52.28-.87.51-1.07-1.78-.2-3.64-.89-3.64-3.95 0-.87.31-1.59.82-2.15-.08-.2-.36-1.02.08-2.12 0 0 .67-.21 2.2.82.64-.18 1.32-.27 2-.27.68 0 1.36.09 2 .27 1.53-1.04 2.2-.82 2.2-.82.44 1.1.16 1.92.08 2.12.51.56.82 1.27.82 2.15 0 3.07-1.87 3.75-3.65 3.95.29.25.54.73.54 1.48 0 1.07-.01 1.93-.01 2.2 0 .21.15.46.55.38A8.013 8.013 0 0 0 16 8c0-4.42-3.58-8-8-8z"
            fill-rule="evenodd"
          />
        </svg>
      </a>
    </h1>
  </header>
  <h2
    class="photon-title-20"
  >
    Enter the profile URLs that you’d like to compare
  </h2>
  <p
    class="photon-body-20"
  >
    The tool will extract the data from the selected track and range for
each profile, and put them both on the same view to make them easy to
compare.
  </p>
  <form
    class="compareHomeForm"
  >
    <label
      class="compareHomeFormLabel"
      for="compareHomeProfile1"
    >
      Profile 1:
    </label>
    <input
      class="photon-input"
      id="compareHomeProfile1"
      name="profile1"
      placeholder="http://"
      required=""
      type="url"
      value=""
    />
    <label
      class="compareHomeFormLabel"
      for="compareHomeProfile2"
    >
      Profile 2:
    </label>
    <input
      class="photon-input"
      id="compareHomeProfile2"
      name="profile2"
      placeholder="http://"
      required=""
      type="url"
      value=""
    />
    <input
      class="compareHomeSubmitButton photon-button photon-button-primary"
      type="submit"
      value="Retrieve profiles"
    />
  </form>
</main>
`;
