// Jest Snapshot v1, https://jestjs.io/docs/snapshot-testing

exports[`EmptyReasons shows a reason when a profile's network markers have been filtered out 1`] = `
<div
  class="EmptyReasons"
>
  <h3>
    The 
    network chart
     is empty for “
    Empty
    ”
  </h3>
  <p>
    All network requests were filtered out by the current selection or search term. Try changing the search term, or zooming out.
  </p>
</div>
`;

exports[`NetworkChart renders NetworkChart correctly 1`] = `
<div
  aria-labelledby="network-chart-tab-button"
  class="networkChart"
  id="network-chart-tab"
  role="tabpanel"
>
  <div
    class="networkSettings"
  >
    <div
      class="networkSettingsSpacer"
    />
    <div
      class="panelSearchField networkSettingsSearchField"
    >
      <label
        class="panelSearchFieldLabel"
      >
        Filter Networks: 
        <form
          class="idleSearchField panelSearchFieldInput"
        >
          <input
            class="idleSearchFieldInput photon-input"
            name="search"
            placeholder="Enter filter terms"
            required=""
            title="Only display network requests that match a certain name"
            type="search"
            value=""
          />
          <input
            class="idleSearchFieldButton"
            tabindex="-1"
            type="reset"
          />
        </form>
      </label>
      <div
        class="panelSearchFieldIntroduction isHidden"
      >
        Did you know you can use the comma (,) to search using several terms?
      </div>
    </div>
  </div>
  <div
    class="react-contextmenu-wrapper treeViewContextMenu"
  >
    <div
      aria-label="List of all network markers"
      class="treeViewBody"
      role="listbox"
      tabindex="0"
    >
      <div
        class="treeViewBodyInnerWrapper"
      >
        <div
          class="treeViewBodyInner treeViewBodyInner0"
          style="height: 176px;"
        >
          <div
            class="treeViewBodyInner treeViewBodyInner0TopSpacer"
            style="height: 0px;"
          />
          <div
            class="treeViewBodyInner treeViewBodyInner0InnerChunk"
          >
            <div
              aria-label="Load 0: https://mozilla.org/"
              aria-selected="false"
              class="networkChartRowItem network-color-html"
              id="networkChartRowItem-0"
              role="option"
            >
              <div
                class="networkChartRowItemLabel"
              >
                <span
                  class="networkChartRowItemUriOptional"
                >
                  https://
                </span>
                <span
                  class="networkChartRowItemUriRequired"
                >
                  mozilla.org
                </span>
                <span
                  class="networkChartRowItemUriRequired"
                >
                  /
                </span>
              </div>
              <div
                class="networkChartRowItemBar"
                style="width: 68.9655172413793px; left: 150px;"
              >
                <div
                  aria-label="startTime to endTime: 1.0 milliseconds"
                  class="networkChartRowItemBarPhase"
                  data-name="endTime"
                  data-value="4"
                  style="left: 0px; width: 68.9655172413793px; opacity: 1;"
                />
              </div>
            </div>
            <div
              aria-label="Load 1: https://mozilla.org/"
              aria-selected="false"
              class="networkChartRowItem network-color-html odd"
              id="networkChartRowItem-1"
              role="option"
            >
              <div
                class="networkChartRowItemLabel"
              >
                <span
                  class="networkChartRowItemUriOptional"
                >
                  https://
                </span>
                <span
                  class="networkChartRowItemUriRequired"
                >
                  mozilla.org
                </span>
                <span
                  class="networkChartRowItemUriRequired"
                >
                  /
                </span>
              </div>
              <div
                class="networkChartRowItemBar"
                style="width: 68.96551724137927px; left: 156.89655172413794px;"
              >
                <div
                  aria-label="startTime to endTime: 1.00 milliseconds"
                  class="networkChartRowItemBarPhase"
                  data-name="endTime"
                  data-value="4.1"
                  style="left: 0px; width: 68.96551724137927px; opacity: 1;"
                />
              </div>
            </div>
            <div
              aria-label="Load 2: https://mozilla.org/"
              aria-selected="false"
              class="networkChartRowItem network-color-html"
              id="networkChartRowItem-2"
              role="option"
            >
              <div
                class="networkChartRowItemLabel"
              >
                <span
                  class="networkChartRowItemUriOptional"
                >
                  https://
                </span>
                <span
                  class="networkChartRowItemUriRequired"
                >
                  mozilla.org
                </span>
                <span
                  class="networkChartRowItemUriRequired"
                >
                  /
                </span>
              </div>
              <div
                class="networkChartRowItemBar"
                style="width: 68.9655172413793px; left: 163.79310344827587px;"
              >
                <div
                  aria-label="startTime to endTime: 1.0 milliseconds"
                  class="networkChartRowItemBarPhase"
                  data-name="endTime"
                  data-value="4.2"
                  style="left: 0px; width: 68.9655172413793px; opacity: 1;"
                />
              </div>
            </div>
            <div
              aria-label="Load 3: https://mozilla.org/"
              aria-selected="false"
              class="networkChartRowItem network-color-html odd"
              id="networkChartRowItem-3"
              role="option"
            >
              <div
                class="networkChartRowItemLabel"
              >
                <span
                  class="networkChartRowItemUriOptional"
                >
                  https://
                </span>
                <span
                  class="networkChartRowItemUriRequired"
                >
                  mozilla.org
                </span>
                <span
                  class="networkChartRowItemUriRequired"
                >
                  /
                </span>
              </div>
              <div
                class="networkChartRowItemBar"
                style="width: 68.9655172413793px; left: 170.68965517241378px;"
              >
                <div
                  aria-label="startTime to endTime: 1.0 milliseconds"
                  class="networkChartRowItemBarPhase"
                  data-name="endTime"
                  data-value="4.3"
                  style="left: 0px; width: 68.9655172413793px; opacity: 1;"
                />
              </div>
            </div>
            <div
              aria-label="Load 4: https://mozilla.org/"
              aria-selected="false"
              class="networkChartRowItem network-color-html"
              id="networkChartRowItem-4"
              role="option"
            >
              <div
                class="networkChartRowItemLabel"
              >
                <span
                  class="networkChartRowItemUriOptional"
                >
                  https://
                </span>
                <span
                  class="networkChartRowItemUriRequired"
                >
                  mozilla.org
                </span>
                <span
                  class="networkChartRowItemUriRequired"
                >
                  /
                </span>
              </div>
              <div
                class="networkChartRowItemBar"
                style="width: 68.96551724137933px; left: 177.58620689655172px;"
              >
                <div
                  aria-label="startTime to endTime: 1.0 milliseconds"
                  class="networkChartRowItemBarPhase"
                  data-name="endTime"
                  data-value="4.4"
                  style="left: 0px; width: 68.96551724137933px; opacity: 1;"
                />
              </div>
            </div>
            <div
              aria-label="Load 5: https://mozilla.org/"
              aria-selected="false"
              class="networkChartRowItem network-color-html odd"
              id="networkChartRowItem-5"
              role="option"
            >
              <div
                class="networkChartRowItemLabel"
              >
                <span
                  class="networkChartRowItemUriOptional"
                >
                  https://
                </span>
                <span
                  class="networkChartRowItemUriRequired"
                >
                  mozilla.org
                </span>
                <span
                  class="networkChartRowItemUriRequired"
                >
                  /
                </span>
              </div>
              <div
                class="networkChartRowItemBar"
                style="width: 68.9655172413793px; left: 184.48275862068965px;"
              >
                <div
                  aria-label="startTime to endTime: 1.0 milliseconds"
                  class="networkChartRowItemBarPhase"
                  data-name="endTime"
                  data-value="4.5"
                  style="left: 0px; width: 68.9655172413793px; opacity: 1;"
                />
              </div>
            </div>
            <div
              aria-label="Load 6: https://mozilla.org/"
              aria-selected="false"
              class="networkChartRowItem network-color-html"
              id="networkChartRowItem-6"
              role="option"
            >
              <div
                class="networkChartRowItemLabel"
              >
                <span
                  class="networkChartRowItemUriOptional"
                >
                  https://
                </span>
                <span
                  class="networkChartRowItemUriRequired"
                >
                  mozilla.org
                </span>
                <span
                  class="networkChartRowItemUriRequired"
                >
                  /
                </span>
              </div>
              <div
                class="networkChartRowItemBar"
                style="width: 68.96551724137927px; left: 191.3793103448276px;"
              >
                <div
                  aria-label="startTime to endTime: 1.00 milliseconds"
                  class="networkChartRowItemBarPhase"
                  data-name="endTime"
                  data-value="4.6"
                  style="left: 0px; width: 68.96551724137927px; opacity: 1;"
                />
              </div>
            </div>
            <div
              aria-label="Load 7: https://mozilla.org/"
              aria-selected="false"
              class="networkChartRowItem network-color-html odd"
              id="networkChartRowItem-7"
              role="option"
            >
              <div
                class="networkChartRowItemLabel"
              >
                <span
                  class="networkChartRowItemUriOptional"
                >
                  https://
                </span>
                <span
                  class="networkChartRowItemUriRequired"
                >
                  mozilla.org
                </span>
                <span
                  class="networkChartRowItemUriRequired"
                >
                  /
                </span>
              </div>
              <div
                class="networkChartRowItemBar"
                style="width: 68.9655172413793px; left: 198.27586206896552px;"
              >
                <div
                  aria-label="startTime to endTime: 1.0 milliseconds"
                  class="networkChartRowItemBarPhase"
                  data-name="endTime"
                  data-value="4.7"
                  style="left: 0px; width: 68.9655172413793px; opacity: 1;"
                />
              </div>
            </div>
            <div
              aria-label="Load 8: https://mozilla.org/"
              aria-selected="false"
              class="networkChartRowItem network-color-html"
              id="networkChartRowItem-8"
              role="option"
            >
              <div
                class="networkChartRowItemLabel"
              >
                <span
                  class="networkChartRowItemUriOptional"
                >
                  https://
                </span>
                <span
                  class="networkChartRowItemUriRequired"
                >
                  mozilla.org
                </span>
                <span
                  class="networkChartRowItemUriRequired"
                >
                  /
                </span>
              </div>
              <div
                class="networkChartRowItemBar"
                style="width: 68.9655172413793px; left: 205.17241379310343px;"
              >
                <div
                  aria-label="startTime to endTime: 1.0 milliseconds"
                  class="networkChartRowItemBarPhase"
                  data-name="endTime"
                  data-value="4.8"
                  style="left: 0px; width: 68.9655172413793px; opacity: 1;"
                />
              </div>
            </div>
            <div
              aria-label="Load 9: https://mozilla.org/"
              aria-selected="false"
              class="networkChartRowItem network-color-html odd"
              id="networkChartRowItem-9"
              role="option"
            >
              <div
                class="networkChartRowItemLabel"
              >
                <span
                  class="networkChartRowItemUriOptional"
                >
                  https://
                </span>
                <span
                  class="networkChartRowItemUriRequired"
                >
                  mozilla.org
                </span>
                <span
                  class="networkChartRowItemUriRequired"
                >
                  /
                </span>
              </div>
              <div
                class="networkChartRowItemBar"
                style="width: 68.96551724137933px; left: 212.06896551724137px;"
              >
                <div
                  aria-label="startTime to endTime: 1.0 milliseconds"
                  class="networkChartRowItemBarPhase"
                  data-name="endTime"
                  data-value="4.9"
                  style="left: 0px; width: 68.96551724137933px; opacity: 1;"
                />
              </div>
            </div>
          </div>
        </div>
      </div>
    </div>
  </div>
</div>
`;
