// Jest Snapshot v1, https://goo.gl/fbAQLP

exports[`SampleGraph ThreadSampleGraph shows the correct tooltip when hovered 1`] = `
<div
  class="tooltip"
  data-testid="tooltip"
  style="left: 21px; top: 10px;"
>
  <div
    class="tooltipDetails"
  >
    <div
      class="tooltipLabel"
    >
      Sampled at:
    </div>
    <div>
      1ms
    </div>
  </div>
  <div
    class="tooltipDetails"
  >
    <div
      class="tooltipLabel"
    >
      Category:
    </div>
    <div>
      <span
        class="colored-square category-color-green"
      />
      Graphics
    </div>
  </div>
  <div
    class="tooltipDetails"
  >
    <div
      class="tooltipLabel"
    >
      Stack:
    </div>
  </div>
  <ul
    class="backtrace"
  >
    <li
      class="backtraceStackFrame backtraceStackFrame_isFrameLabel"
    >
      <span
        class="colored-border category-color-green"
        title="Graphics"
      />
      G
      <em
        class="backtraceStackFrameOrigin"
      />
    </li>
    <li
      class="backtraceStackFrame backtraceStackFrame_isFrameLabel"
    >
      <span
        class="colored-border category-color-green"
        title="Graphics"
      />
      F
      <em
        class="backtraceStackFrameOrigin"
      />
    </li>
    <li
      class="backtraceStackFrame backtraceStackFrame_isFrameLabel"
    >
      <span
        class="colored-border category-color-blue"
        title="DOM"
      />
      C
      <em
        class="backtraceStackFrameOrigin"
      />
    </li>
    <li
      class="backtraceStackFrame backtraceStackFrame_isFrameLabel"
    >
      <span
        class="colored-border category-color-blue"
        title="DOM"
      />
      B
      <em
        class="backtraceStackFrameOrigin"
      />
    </li>
    <li
      class="backtraceStackFrame backtraceStackFrame_isFrameLabel"
    >
      <span
        class="colored-border category-color-blue"
        title="DOM"
      />
      A
      <em
        class="backtraceStackFrameOrigin"
      />
    </li>
  </ul>
</div>
`;

exports[`SampleGraph matches the 2d canvas draw snapshot 1`] = `
Array [
  Array [
    "set fillStyle",
    "#003eaa",
  ],
  Array [
    "fillRect",
    -0.4,
    0,
    0.8,
    0,
  ],
  Array [
    "set fillStyle",
    "#003eaa",
  ],
  Array [
    "fillRect",
    -5,
    0,
    10,
    10,
  ],
  Array [
    "fillRect",
    5,
    0,
    10,
    10,
  ],
  Array [
    "fillRect",
    15,
    0,
    10,
    10,
  ],
  Array [
    "fillRect",
    25,
    0,
    10,
    10,
  ],
  Array [
    "fillRect",
    35,
    0,
    10,
    10,
  ],
  Array [
    "fillRect",
    45,
    0,
    10,
    10,
  ],
  Array [
    "fillRect",
    55,
    0,
    10,
    10,
  ],
  Array [
    "fillRect",
    65,
    0,
    10,
    10,
  ],
  Array [
    "clearRect",
    0,
    0,
    80,
    10,
  ],
  Array [
    "scale",
    1,
    1,
  ],
  Array [
    "scale",
    1,
    1,
  ],
]
`;

exports[`SampleGraph matches the component snapshot 1`] = `
<canvas
  class="threadSampleGraphCanvas threadSampleGraphCanvas"
  height="10"
  width="80"
>
  <h2>
    Stack Graph for 
    Test Track
  </h2>
  <p>
    This graph charts the stack height of each sample.
  </p>
</canvas>
`;
