// Jest Snapshot v1, https://jestjs.io/docs/snapshot-testing

exports[`StackSettings matches the snapshot 1`] = `
<div>
  <div
    class="stackSettings"
  >
    <ul
      class="panelSettingsList"
    >
      <li
        class="panelSettingsListItem"
      >
        <input
          checked=""
          class="photon-radio photon-radio-micro"
          id="implementation-radio-combined"
          title="Do not filter the stack frames"
          type="radio"
          value="combined"
        />
        <label
          class="photon-label photon-label-micro photon-label-horiz-padding"
          for="implementation-radio-combined"
          title="Do not filter the stack frames"
        >
          All frames
        </label>
        <input
          class="photon-radio photon-radio-micro"
          id="implementation-radio-js"
          title="Show only the stack frames related to script execution"
          type="radio"
          value="js"
        />
        <label
          class="photon-label photon-label-micro photon-label-horiz-padding"
          for="implementation-radio-js"
          title="Show only the stack frames related to script execution"
        >
          Script
        </label>
        <input
          class="photon-radio photon-radio-micro"
          id="implementation-radio-cpp"
          title="Show only the stack frames for native code"
          type="radio"
          value="cpp"
        />
        <label
          class="photon-label photon-label-micro photon-label-horiz-padding"
          for="implementation-radio-cpp"
          title="Show only the stack frames for native code"
        >
          Native
        </label>
      </li>
      <li
        class="panelSettingsListItem"
      >
        <label
          class="photon-label photon-label-micro photon-label-horiz-padding"
        >
          <input
            class="photon-checkbox photon-checkbox-micro stackSettingsCheckbox"
            type="checkbox"
          />
          <span
            title="Sort by the time spent in a call node, ignoring its children."
          >
            Invert call stack
          </span>
        </label>
      </li>
    </ul>
    <div
      class="panelSearchField stackSettingsSearchField"
    >
      <label
        class="panelSearchFieldLabel"
      >
        Filter stacks: 
        <form
          class="idleSearchField panelSearchFieldInput"
        >
          <input
            class="idleSearchFieldInput photon-input"
            name="search"
            placeholder="Enter filter terms"
            required=""
            title="Only display stacks which contain a function whose name matches this substring"
            type="search"
            value=""
          />
          <input
            class="idleSearchFieldButton"
            tabindex="-1"
            type="reset"
          />
        </form>
      </label>
      <div
        class="panelSearchFieldIntroduction isHidden"
      >
        Did you know you can use the comma (,) to search using several terms?
      </div>
    </div>
  </div>
</div>
`;
