// Jest Snapshot v1, https://jestjs.io/docs/snapshot-testing

exports[`app/TabBar renders the TabBar and handles clicks properly 1`] = `
<ol
  aria-label="Profiler tabs"
  class="tabBarTabWrapper"
  role="tablist"
>
  <li
    class="tabBarTab"
    data-name="calltree"
  >
    <button
      aria-controls="calltree-tab"
      aria-selected="false"
      class="tabBarTabButton"
      id="calltree-tab-button"
      role="tab"
      type="button"
    >
      Call Tree
    </button>
  </li>
  <li
    class="tabBarTab selected"
    data-name="flame-graph"
  >
    <button
      aria-controls="flame-graph-tab"
      aria-selected="true"
      class="tabBarTabButton"
      id="flame-graph-tab-button"
      role="tab"
      type="button"
    >
      Flame Graph
    </button>
  </li>
  <li
    class="tabBarTab"
    data-name="stack-chart"
  >
    <button
      aria-controls="stack-chart-tab"
      aria-selected="false"
      class="tabBarTabButton"
      id="stack-chart-tab-button"
      role="tab"
      type="button"
    >
      Stack Chart
    </button>
  </li>
  <li
    class="tabBarTab"
    data-name="marker-chart"
  >
    <button
      aria-controls="marker-chart-tab"
      aria-selected="false"
      class="tabBarTabButton"
      id="marker-chart-tab-button"
      role="tab"
      type="button"
    >
      Marker Chart
    </button>
  </li>
  <li
    class="tabBarTab"
    data-name="marker-table"
  >
    <button
      aria-controls="marker-table-tab"
      aria-selected="false"
      class="tabBarTabButton"
      id="marker-table-tab-button"
      role="tab"
      type="button"
    >
      Marker Table
    </button>
  </li>
  <li
    class="tabBarTab"
    data-name="network-chart"
  >
    <button
      aria-controls="network-chart-tab"
      aria-selected="false"
      class="tabBarTabButton"
      id="network-chart-tab-button"
      role="tab"
      type="button"
    >
      Network
    </button>
  </li>
</ol>
`;
