// Jest Snapshot v1, https://jestjs.io/docs/snapshot-testing

exports[`TrackCustomMarker draws a dot that matches the snapshot 1`] = `
<div
  class="timelineTrackCustomMarkerGraphDot"
  style="left: 10px; top: 21.542857142857144px; background-color: rgb(74, 74, 79); margin-left: 0px; width: 10px;"
/>
`;

exports[`TrackCustomMarker has a tooltip that matches the snapshot 1`] = `
<div
  class="tooltipMarker"
>
  <div
    class="tooltipHeader"
  >
    <div
      class="tooltipOneLine"
    >
      <div
        class="tooltipTiming"
      >
        1ms
      </div>
      <div
        class="tooltipTitle"
      >
        Marker
      </div>
    </div>
  </div>
  <div
    class="tooltipDetails"
  >
    <div
      class="tooltipLabel"
    >
      first
      :
    </div>
    5
    <div
      class="tooltipLabel"
    >
      second
      :
    </div>
    10
    <div
      class="tooltipLabel"
    >
      Track
      :
    </div>
    Empty
  </div>
</div>
`;

exports[`TrackCustomMarker matches the 2d canvas draw snapshot 1`] = `
Array [
  Array [
    "clearRect",
    0,
    0,
    80,
    25,
  ],
  Array [
    "set lineWidth",
    2,
  ],
  Array [
    "set lineJoin",
    "bevel",
  ],
  Array [
    "set strokeStyle",
    "#737373",
  ],
  Array [
    "beginPath",
  ],
  Array [
    "moveTo",
    0,
    24,
  ],
  Array [
    "lineTo",
    10,
    24,
  ],
  Array [
    "lineTo",
    10,
    22,
  ],
  Array [
    "lineTo",
    20,
    22,
  ],
  Array [
    "lineTo",
    20,
    20,
  ],
  Array [
    "lineTo",
    30,
    20,
  ],
  Array [
    "lineTo",
    30,
    19,
  ],
  Array [
    "lineTo",
    40,
    19,
  ],
  Array [
    "lineTo",
    40,
    17,
  ],
  Array [
    "lineTo",
    50,
    17,
  ],
  Array [
    "lineTo",
    50,
    16,
  ],
  Array [
    "lineTo",
    60,
    16,
  ],
  Array [
    "lineTo",
    60,
    14,
  ],
  Array [
    "lineTo",
    70,
    14,
  ],
  Array [
    "lineTo",
    70,
    13,
  ],
  Array [
    "lineTo",
    80,
    13,
  ],
  Array [
    "stroke",
  ],
  Array [
    "set strokeStyle",
    "#30e60b",
  ],
  Array [
    "set fillStyle",
    "#30e60b",
  ],
  Array [
    "fillRect",
    10,
    21,
    10,
    4,
  ],
  Array [
    "fillRect",
    20,
    18,
    10,
    7,
  ],
  Array [
    "fillRect",
    30,
    15,
    10,
    10,
  ],
  Array [
    "fillRect",
    40,
    12,
    10,
    13,
  ],
  Array [
    "fillRect",
    50,
    9,
    10,
    16,
  ],
  Array [
    "fillRect",
    60,
    6,
    10,
    19,
  ],
  Array [
    "fillRect",
    70,
    3,
    10,
    22,
  ],
]
`;

exports[`TrackCustomMarker matches the component snapshot 1`] = `
<div
  class="timelineTrackCustomMarker"
  style="height: 25px; --graph-height: 25px;"
>
  <div
    class="timelineTrackCustomMarkerGraph"
  >
    <div>
      <canvas
        class="timelineTrackCustomMarkerCanvas"
        height="25"
        width="80"
      />
    </div>
  </div>
</div>
`;
