// Jest Snapshot v1, https://jestjs.io/docs/snapshot-testing

exports[`TrackEventDelay draws a dot that matches the snapshot 1`] = `
<div
  class="timelineTrackEventDelayGraphDot"
  style="left: 14.933333333333334px; top: 39.327586206896555px;"
/>
`;

exports[`TrackEventDelay has a tooltip that matches the snapshot 1`] = `
<div
  class="timelineTrackEventDelayTooltip"
>
  <div
    class="timelineTrackEventDelayTooltipLine"
  >
    <span
      class="timelineTrackEventDelayTooltipNumber"
    >
      37ms
    </span>
     event delay
  </div>
  <div
    class="timelineTrackEventDelayTooltipLine"
  >
    <span
      class="timelineTrackEventDelayTooltipNumber"
    >
      58ms
    </span>
     delay range in graph
  </div>
</div>
`;

exports[`TrackEventDelay matches the 2d canvas draw snapshot 1`] = `
Array [
  Array [
    "clearRect",
    0,
    0,
    80,
    40,
  ],
  Array [
    "set lineWidth",
    2,
  ],
  Array [
    "set lineJoin",
    "bevel",
  ],
  Array [
    "set strokeStyle",
    "rgba(255, 0, 57, 0.7)",
  ],
  Array [
    "set fillStyle",
    "rgba(255, 0, 57, 0.3)",
  ],
  Array [
    "beginPath",
  ],
  Array [
    "moveTo",
    0,
    39,
  ],
  Array [
    "lineTo",
    0.5333333333333333,
    38.3448275862069,
  ],
  Array [
    "lineTo",
    1.0666666666666667,
    38.3448275862069,
  ],
  Array [
    "lineTo",
    1.6,
    38.3448275862069,
  ],
  Array [
    "lineTo",
    2.1333333333333333,
    38.3448275862069,
  ],
  Array [
    "lineTo",
    2.6666666666666665,
    38.3448275862069,
  ],
  Array [
    "lineTo",
    3.2,
    38.3448275862069,
  ],
  Array [
    "lineTo",
    3.7333333333333334,
    38.3448275862069,
  ],
  Array [
    "lineTo",
    4.266666666666667,
    38.3448275862069,
  ],
  Array [
    "lineTo",
    4.8,
    38.3448275862069,
  ],
  Array [
    "lineTo",
    5.333333333333333,
    38.3448275862069,
  ],
  Array [
    "lineTo",
    5.866666666666666,
    38.3448275862069,
  ],
  Array [
    "lineTo",
    6.4,
    38.3448275862069,
  ],
  Array [
    "lineTo",
    6.933333333333334,
    38.3448275862069,
  ],
  Array [
    "lineTo",
    7.466666666666667,
    38.3448275862069,
  ],
  Array [
    "lineTo",
    8,
    38.3448275862069,
  ],
  Array [
    "lineTo",
    8.533333333333333,
    38.3448275862069,
  ],
  Array [
    "lineTo",
    9.066666666666666,
    38.3448275862069,
  ],
  Array [
    "lineTo",
    9.6,
    38.3448275862069,
  ],
  Array [
    "lineTo",
    10.133333333333333,
    38.3448275862069,
  ],
  Array [
    "lineTo",
    10.666666666666666,
    38.3448275862069,
  ],
  Array [
    "lineTo",
    11.2,
    38.3448275862069,
  ],
  Array [
    "lineTo",
    11.733333333333333,
    38.3448275862069,
  ],
  Array [
    "lineTo",
    12.266666666666666,
    38.3448275862069,
  ],
  Array [
    "lineTo",
    12.8,
    38.3448275862069,
  ],
  Array [
    "lineTo",
    13.333333333333334,
    38.3448275862069,
  ],
  Array [
    "lineTo",
    13.866666666666667,
    38.3448275862069,
  ],
  Array [
    "lineTo",
    14.4,
    38.3448275862069,
  ],
  Array [
    "lineTo",
    14.933333333333334,
    38.3448275862069,
  ],
  Array [
    "lineTo",
    15.466666666666667,
    38.3448275862069,
  ],
  Array [
    "lineTo",
    16,
    38.3448275862069,
  ],
  Array [
    "lineTo",
    16.53333333333333,
    38.3448275862069,
  ],
  Array [
    "lineTo",
    17.066666666666666,
    38.3448275862069,
  ],
  Array [
    "lineTo",
    17.6,
    38.3448275862069,
  ],
  Array [
    "lineTo",
    18.133333333333333,
    38.3448275862069,
  ],
  Array [
    "lineTo",
    18.666666666666668,
    38.3448275862069,
  ],
  Array [
    "lineTo",
    19.2,
    38.3448275862069,
  ],
  Array [
    "lineTo",
    19.733333333333334,
    38.3448275862069,
  ],
  Array [
    "lineTo",
    20.266666666666666,
    38.3448275862069,
  ],
  Array [
    "lineTo",
    20.8,
    38.3448275862069,
  ],
  Array [
    "lineTo",
    21.333333333333332,
    38.3448275862069,
  ],
  Array [
    "lineTo",
    21.866666666666667,
    38.3448275862069,
  ],
  Array [
    "lineTo",
    22.4,
    38.3448275862069,
  ],
  Array [
    "lineTo",
    22.933333333333334,
    38.3448275862069,
  ],
  Array [
    "lineTo",
    23.466666666666665,
    38.3448275862069,
  ],
  Array [
    "lineTo",
    24,
    38.3448275862069,
  ],
  Array [
    "lineTo",
    24.53333333333333,
    38.3448275862069,
  ],
  Array [
    "lineTo",
    25.066666666666666,
    38.3448275862069,
  ],
  Array [
    "lineTo",
    25.6,
    38.3448275862069,
  ],
  Array [
    "lineTo",
    26.133333333333333,
    38.3448275862069,
  ],
  Array [
    "lineTo",
    26.666666666666668,
    19.344827586206897,
  ],
  Array [
    "lineTo",
    27.2,
    0.3448275862068968,
  ],
  Array [
    "lineTo",
    27.733333333333334,
    1,
  ],
  Array [
    "lineTo",
    28.266666666666666,
    1.6551724137931032,
  ],
  Array [
    "lineTo",
    28.8,
    2.3103448275862064,
  ],
  Array [
    "lineTo",
    29.333333333333332,
    2.9655172413793096,
  ],
  Array [
    "lineTo",
    29.866666666666667,
    3.620689655172413,
  ],
  Array [
    "lineTo",
    30.4,
    4.275862068965516,
  ],
  Array [
    "lineTo",
    30.933333333333334,
    4.931034482758619,
  ],
  Array [
    "lineTo",
    31.466666666666665,
    5.586206896551722,
  ],
  Array [
    "lineTo",
    32,
    6.241379310344833,
  ],
  Array [
    "lineTo",
    32.53333333333333,
    6.896551724137929,
  ],
  Array [
    "lineTo",
    33.06666666666666,
    7.551724137931036,
  ],
  Array [
    "lineTo",
    33.6,
    8.206896551724139,
  ],
  Array [
    "lineTo",
    34.13333333333333,
    8.862068965517238,
  ],
  Array [
    "lineTo",
    34.666666666666664,
    9.517241379310345,
  ],
  Array [
    "lineTo",
    35.2,
    10.172413793103448,
  ],
  Array [
    "lineTo",
    35.733333333333334,
    10.827586206896552,
  ],
  Array [
    "lineTo",
    36.266666666666666,
    11.482758620689655,
  ],
  Array [
    "lineTo",
    36.8,
    12.137931034482762,
  ],
  Array [
    "lineTo",
    37.333333333333336,
    12.793103448275861,
  ],
  Array [
    "lineTo",
    37.86666666666667,
    13.448275862068964,
  ],
  Array [
    "lineTo",
    38.4,
    14.103448275862071,
  ],
  Array [
    "lineTo",
    38.93333333333333,
    14.75862068965517,
  ],
  Array [
    "lineTo",
    39.46666666666667,
    15.413793103448274,
  ],
  Array [
    "lineTo",
    40,
    16.06896551724138,
  ],
  Array [
    "lineTo",
    40.53333333333333,
    16.724137931034484,
  ],
  Array [
    "lineTo",
    41.06666666666666,
    17.379310344827584,
  ],
  Array [
    "lineTo",
    41.6,
    18.03448275862069,
  ],
  Array [
    "lineTo",
    42.13333333333333,
    18.689655172413794,
  ],
  Array [
    "lineTo",
    42.666666666666664,
    19.344827586206897,
  ],
  Array [
    "lineTo",
    43.2,
    0.3448275862068968,
  ],
  Array [
    "lineTo",
    43.733333333333334,
    1,
  ],
  Array [
    "lineTo",
    44.266666666666666,
    1.6551724137931032,
  ],
  Array [
    "lineTo",
    44.8,
    2.3103448275862064,
  ],
  Array [
    "lineTo",
    45.333333333333336,
    2.9655172413793096,
  ],
  Array [
    "lineTo",
    45.86666666666667,
    3.620689655172413,
  ],
  Array [
    "lineTo",
    46.4,
    4.275862068965516,
  ],
  Array [
    "lineTo",
    46.93333333333333,
    4.931034482758619,
  ],
  Array [
    "lineTo",
    47.46666666666667,
    5.586206896551722,
  ],
  Array [
    "lineTo",
    48,
    6.241379310344833,
  ],
  Array [
    "lineTo",
    48.53333333333333,
    6.896551724137929,
  ],
  Array [
    "lineTo",
    49.06666666666666,
    7.551724137931036,
  ],
  Array [
    "lineTo",
    49.6,
    8.206896551724139,
  ],
  Array [
    "lineTo",
    50.13333333333333,
    8.862068965517238,
  ],
  Array [
    "lineTo",
    50.666666666666664,
    9.517241379310345,
  ],
  Array [
    "lineTo",
    51.2,
    10.172413793103448,
  ],
  Array [
    "lineTo",
    51.733333333333334,
    10.827586206896552,
  ],
  Array [
    "lineTo",
    52.266666666666666,
    11.482758620689655,
  ],
  Array [
    "lineTo",
    52.8,
    12.137931034482762,
  ],
  Array [
    "lineTo",
    53.333333333333336,
    12.793103448275861,
  ],
  Array [
    "lineTo",
    53.86666666666667,
    13.448275862068964,
  ],
  Array [
    "lineTo",
    54.4,
    14.103448275862071,
  ],
  Array [
    "lineTo",
    54.93333333333333,
    14.75862068965517,
  ],
  Array [
    "lineTo",
    55.46666666666667,
    15.413793103448274,
  ],
  Array [
    "lineTo",
    56,
    16.06896551724138,
  ],
  Array [
    "lineTo",
    56.53333333333333,
    16.724137931034484,
  ],
  Array [
    "lineTo",
    57.06666666666666,
    17.379310344827584,
  ],
  Array [
    "lineTo",
    57.6,
    18.03448275862069,
  ],
  Array [
    "lineTo",
    58.13333333333333,
    18.689655172413794,
  ],
  Array [
    "lineTo",
    58.666666666666664,
    19.344827586206897,
  ],
  Array [
    "lineTo",
    59.199999999999996,
    13.448275862068964,
  ],
  Array [
    "lineTo",
    59.733333333333334,
    14.103448275862071,
  ],
  Array [
    "lineTo",
    60.266666666666666,
    14.75862068965517,
  ],
  Array [
    "lineTo",
    60.8,
    15.413793103448274,
  ],
  Array [
    "lineTo",
    61.333333333333336,
    16.06896551724138,
  ],
  Array [
    "lineTo",
    61.86666666666667,
    16.724137931034484,
  ],
  Array [
    "lineTo",
    62.4,
    17.379310344827584,
  ],
  Array [
    "lineTo",
    62.93333333333333,
    18.03448275862069,
  ],
  Array [
    "lineTo",
    63.46666666666667,
    18.689655172413794,
  ],
  Array [
    "lineTo",
    64,
    19.344827586206897,
  ],
  Array [
    "lineTo",
    64.53333333333333,
    20,
  ],
  Array [
    "lineTo",
    65.06666666666666,
    20.655172413793103,
  ],
  Array [
    "lineTo",
    65.6,
    21.310344827586206,
  ],
  Array [
    "lineTo",
    66.13333333333333,
    21.96551724137931,
  ],
  Array [
    "lineTo",
    66.66666666666667,
    22.620689655172416,
  ],
  Array [
    "lineTo",
    67.2,
    23.275862068965516,
  ],
  Array [
    "lineTo",
    67.73333333333333,
    23.93103448275862,
  ],
  Array [
    "lineTo",
    68.26666666666667,
    24.586206896551722,
  ],
  Array [
    "lineTo",
    68.8,
    25.241379310344826,
  ],
  Array [
    "lineTo",
    69.33333333333333,
    25.89655172413793,
  ],
  Array [
    "lineTo",
    69.86666666666666,
    26.551724137931036,
  ],
  Array [
    "lineTo",
    70.4,
    27.206896551724135,
  ],
  Array [
    "lineTo",
    70.93333333333334,
    27.862068965517242,
  ],
  Array [
    "lineTo",
    71.46666666666667,
    28.517241379310345,
  ],
  Array [
    "lineTo",
    72,
    29.17241379310345,
  ],
  Array [
    "lineTo",
    72.53333333333333,
    29.82758620689655,
  ],
  Array [
    "lineTo",
    73.06666666666666,
    30.482758620689655,
  ],
  Array [
    "lineTo",
    73.6,
    31.137931034482758,
  ],
  Array [
    "lineTo",
    74.13333333333333,
    31.79310344827586,
  ],
  Array [
    "lineTo",
    74.66666666666667,
    32.44827586206897,
  ],
  Array [
    "lineTo",
    75.2,
    39,
  ],
  Array [
    "lineTo",
    75.73333333333333,
    39,
  ],
  Array [
    "lineTo",
    76.26666666666667,
    39,
  ],
  Array [
    "lineTo",
    76.8,
    39,
  ],
  Array [
    "lineTo",
    77.33333333333333,
    39,
  ],
  Array [
    "lineTo",
    77.86666666666666,
    39,
  ],
  Array [
    "lineTo",
    78.4,
    39,
  ],
  Array [
    "lineTo",
    78.93333333333334,
    39,
  ],
  Array [
    "lineTo",
    79.46666666666667,
    39,
  ],
  Array [
    "lineTo",
    80,
    39,
  ],
  Array [
    "stroke",
  ],
  Array [
    "lineTo",
    80,
    40,
  ],
  Array [
    "lineTo",
    1,
    40,
  ],
  Array [
    "fill",
  ],
]
`;

exports[`TrackEventDelay matches the component snapshot when event delay tracks are disabled 1`] = `
<div
  class="timelineTrackEventDelay"
  style="height: 40px; --graph-height: 40px; --markers-height: 0px;"
>
  <div
    class="timelineTrackEventDelayGraph"
  >
    <canvas
      class="timelineTrackEventDelayCanvas"
      height="40"
      width="80"
    />
    <div
      class="timelineEmptyThreadIndicator"
    />
  </div>
</div>
`;
