// Jest Snapshot v1, https://jestjs.io/docs/snapshot-testing

exports[`TrackVisualProgress draws a dot that matches the snapshot 1`] = `
<div
  class="timelineTrackVisualProgressGraphDot"
  style="left: 53913.21044921875px; top: 33.37px; --dot-color: #0060df;"
/>
`;

exports[`TrackVisualProgress has a tooltip that matches the snapshot 1`] = `
<div
  class="timelineTrackVisualProgressTooltip"
>
  <div
    class="timelineTrackVisualProgressTooltipLine"
  >
    <span
      class="timelineTrackVisualProgressTooltipNumber"
    >
      17%
    </span>
     visual completeness at this time
  </div>
</div>
`;

exports[`TrackVisualProgress matches the 2d canvas draw snapshot 1`] = `
Array [
  Array [
    "clearRect",
    0,
    0,
    70,
    40,
  ],
  Array [
    "set lineWidth",
    2,
  ],
  Array [
    "set strokeStyle",
    "#0a84ff",
  ],
  Array [
    "set fillStyle",
    "#0a84ff88",
  ],
  Array [
    "beginPath",
  ],
  Array [
    "moveTo",
    44313.21044921875,
    39,
  ],
  Array [
    "lineTo",
    53913.21044921875,
    39,
  ],
  Array [
    "lineTo",
    53913.21044921875,
    32.54,
  ],
  Array [
    "lineTo",
    55113.21044921875,
    32.54,
  ],
  Array [
    "lineTo",
    55113.21044921875,
    32.54,
  ],
  Array [
    "lineTo",
    55913.21044921875,
    32.54,
  ],
  Array [
    "lineTo",
    55913.21044921875,
    30.64,
  ],
  Array [
    "lineTo",
    56313.21044921875,
    30.64,
  ],
  Array [
    "lineTo",
    56313.21044921875,
    23.04,
  ],
  Array [
    "lineTo",
    57513.21044921875,
    23.04,
  ],
  Array [
    "lineTo",
    57513.21044921875,
    12.400000000000002,
  ],
  Array [
    "lineTo",
    59113.21044921875,
    12.400000000000002,
  ],
  Array [
    "lineTo",
    59113.21044921875,
    10.120000000000001,
  ],
  Array [
    "lineTo",
    70,
    10.120000000000001,
  ],
  Array [
    "stroke",
  ],
  Array [
    "lineTo",
    71,
    40,
  ],
  Array [
    "lineTo",
    44314.21044921875,
    40,
  ],
  Array [
    "fill",
  ],
]
`;

exports[`TrackVisualProgress matches the component snapshot 1`] = `
<div
  class="timelineTrackVisualProgress"
  style="height: 40px; --graph-height: 40px;"
>
  <div
    class="timelineTrackVisualProgressGraph"
  >
    <canvas
      class="timelineTrackVisualProgressCanvas"
      height="40"
      width="70"
    />
  </div>
</div>
`;
